// Jest Snapshot v1, https://goo.gl/fbAQLP

exports[`Header component renders 1`] = `
<div
  className="header-wrapper"
>
  <header
    className="header-text"
  >
    Reading Tracker
  </header>
</div>
`;
