// Jest Snapshot v1, https://goo.gl/fbAQLP

exports[`Dashboard component renders 1`] = `ShallowWrapper {}`;

exports[`DashboardView component renders 1`] = `ShallowWrapper {}`;
